log/job/1/bar/01/job
log/job/1/bar/01/job.err
log/job/1/bar/01/job.out
log/job/1/bar/01/job.status
log/job/1/bar/01/job-activity.log
log/job/1/foo/01/job
log/job/1/foo/01/job.err
log/job/1/foo/01/job.out
log/job/1/foo/01/job.status
log/job/1/foo/01/job-activity.log
log/job/1/on_toast/01/job
log/job/1/on_toast/01/job.err
log/job/1/on_toast/01/job.out
log/job/1/on_toast/01/job.status
log/job/1/on_toast/01/job-activity.log
log/job/1/seq/01/job
log/job/1/seq/01/job.err
log/job/1/seq/01/job.out
log/job/1/seq/01/job.status
log/job/1/seq/01/job-activity.log
log/job/2/woo/01/job
log/job/2/woo/01/job.err
log/job/2/woo/01/job.out
log/job/2/woo/01/job.status
log/job/2/woo/01/job-activity.log
log/job/3/woo/01/job
log/job/3/woo/01/job.err
log/job/3/woo/01/job.out
log/job/3/woo/01/job.status
log/job/3/woo/01/job-activity.log
log/job/4/bar/01/job
log/job/4/bar/01/job.err
log/job/4/bar/01/job.out
log/job/4/bar/01/job.status
log/job/4/bar/01/job-activity.log
log/job/4/foo/01/job
log/job/4/foo/01/job.err
log/job/4/foo/01/job.out
log/job/4/foo/01/job.status
log/job/4/foo/01/job-activity.log
log/job/4/on_toast/01/job
log/job/4/on_toast/01/job.err
log/job/4/on_toast/01/job.out
log/job/4/on_toast/01/job.status
log/job/4/on_toast/01/job-activity.log
log/job/4/seq/01/job
log/job/4/seq/01/job.err
log/job/4/seq/01/job.out
log/job/4/seq/01/job.status
log/job/4/seq/01/job-activity.log
log/job/5/woo/01/job
log/job/5/woo/01/job.err
log/job/5/woo/01/job.out
log/job/5/woo/01/job.status
log/job/5/woo/01/job-activity.log
log/job/6/woo/01/job
log/job/6/woo/01/job.err
log/job/6/woo/01/job.out
log/job/6/woo/01/job.status
log/job/6/woo/01/job-activity.log
log/job/7/bar/01/job
log/job/7/bar/01/job.err
log/job/7/bar/01/job.out
log/job/7/bar/01/job.status
log/job/7/bar/01/job-activity.log
log/job/7/foo/01/job
log/job/7/foo/01/job.err
log/job/7/foo/01/job.out
log/job/7/foo/01/job.status
log/job/7/foo/01/job-activity.log
log/job/7/on_toast/01/job
log/job/7/on_toast/01/job.err
log/job/7/on_toast/01/job.out
log/job/7/on_toast/01/job.status
log/job/7/on_toast/01/job-activity.log
log/job/7/qux/01/job
log/job/7/qux/01/job.err
log/job/7/qux/01/job.out
log/job/7/qux/01/job.status
log/job/7/qux/01/job-activity.log
log/job/7/seq/01/job
log/job/7/seq/01/job.err
log/job/7/seq/01/job.out
log/job/7/seq/01/job.status
log/job/7/seq/01/job-activity.log
log/job/8/woo/01/job
log/job/8/woo/01/job.err
log/job/8/woo/01/job.out
log/job/8/woo/01/job.status
log/job/8/woo/01/job-activity.log
log/job/9/woo/01/job
log/job/9/woo/01/job.err
log/job/9/woo/01/job.out
log/job/9/woo/01/job.status
log/job/9/woo/01/job-activity.log
log/job/10/bar/01/job
log/job/10/bar/01/job.err
log/job/10/bar/01/job.out
log/job/10/bar/01/job.status
log/job/10/bar/01/job-activity.log
log/job/10/foo/01/job
log/job/10/foo/01/job.err
log/job/10/foo/01/job.out
log/job/10/foo/01/job.status
log/job/10/foo/01/job-activity.log
log/job/10/on_toast/01/job
log/job/10/on_toast/01/job.err
log/job/10/on_toast/01/job.out
log/job/10/on_toast/01/job.status
log/job/10/on_toast/01/job-activity.log
log/job/10/seq/01/job
log/job/10/seq/01/job.err
log/job/10/seq/01/job.out
log/job/10/seq/01/job.status
log/job/10/seq/01/job-activity.log
log/job/11/woo/01/job
log/job/11/woo/01/job.err
log/job/11/woo/01/job.out
log/job/11/woo/01/job.status
log/job/11/woo/01/job-activity.log
log/job/12/woo/01/job
log/job/12/woo/01/job.err
log/job/12/woo/01/job.out
log/job/12/woo/01/job.status
log/job/12/woo/01/job-activity.log
log/job/13/bar/01/job
log/job/13/bar/01/job.err
log/job/13/bar/01/job.out
log/job/13/bar/01/job.status
log/job/13/bar/01/job-activity.log
log/job/13/foo/01/job
log/job/13/foo/01/job.err
log/job/13/foo/01/job.out
log/job/13/foo/01/job.status
log/job/13/foo/01/job-activity.log
log/job/13/on_toast/01/job
log/job/13/on_toast/01/job.err
log/job/13/on_toast/01/job.out
log/job/13/on_toast/01/job.status
log/job/13/on_toast/01/job-activity.log
log/job/13/qux/01/job
log/job/13/qux/01/job.err
log/job/13/qux/01/job.out
log/job/13/qux/01/job.status
log/job/13/qux/01/job-activity.log
log/job/13/seq/01/job
log/job/13/seq/01/job.err
log/job/13/seq/01/job.out
log/job/13/seq/01/job.status
log/job/13/seq/01/job-activity.log
log/job/14/woo/01/job
log/job/14/woo/01/job.err
log/job/14/woo/01/job.out
log/job/14/woo/01/job.status
log/job/14/woo/01/job-activity.log
log/job/15/woo/01/job
log/job/15/woo/01/job.err
log/job/15/woo/01/job.out
log/job/15/woo/01/job.status
log/job/15/woo/01/job-activity.log
log/job/16/on_toast/01/job
log/job/16/on_toast/01/job.err
log/job/16/on_toast/01/job.out
log/job/16/on_toast/01/job.status
log/job/16/on_toast/01/job-activity.log
log/job/16/seq/01/job
log/job/16/seq/01/job.err
log/job/16/seq/01/job.out
log/job/16/seq/01/job.status
log/job/16/seq/01/job-activity.log
work/1/foo/typing
work/4/foo/typing
work/7/foo/typing
work/10/foo/typing
work/13/foo/typing
