[[var_p2]]
   command scripting = echo "RUN: run-var.sh"
   enable resurrection = False
   manual completion = False
   retry delays = 
   environment scripting = 
   execution polling intervals = 
   title = 
   extra log files = 
   work sub-directory = $CYLC_TASK_CYCLE_POINT/$CYLC_TASK_NAME
   submission polling intervals = 
   description = 
   initial scripting = 
   pre-command scripting = 
   post-command scripting = 
   inherit = VAR, PARALLEL
   [[[event hooks]]]
      submission timeout handler = 
      submitted handler = 
      started handler = 
      execution timeout handler = 
      submission failed handler = 
      submission retry handler = 
      warning handler = 
      succeeded handler = 
      retry handler = 
      reset timer = False
      execution timeout = 
      failed handler = 
      submission timeout = 
   [[[environment]]]
   [[[directives]]]
      job_type = parallel
   [[[environment filter]]]
      exclude = 
      include = 
   [[[dummy mode]]]
      disable pre-command scripting = True
      disable post-command scripting = True
      disable retries = True
      command scripting = echo Dummy command scripting; sleep $(cylc rnd 1 16)
      disable task event hooks = True
   [[[outputs]]]
   [[[simulation mode]]]
      run time range = 1, 16
      simulate failure = False
      disable retries = True
      disable task event hooks = True
   [[[suite state polling]]]
      interval = 
      host = 
      max-polls = 
      run-dir = 
      user = 
      verbose mode = 
   [[[remote]]]
      owner = 
      suite definition directory = 
      host = 
   [[[job submission]]]
      shell = /bin/bash
      command template = 
      method = background
      retry delays = 
[[OPS]]
   command scripting = echo "RUN: run-ops.sh"
   enable resurrection = False
   manual completion = False
   retry delays = 
   environment scripting = 
   execution polling intervals = 
   title = 
   extra log files = 
   work sub-directory = $CYLC_TASK_CYCLE_POINT/$CYLC_TASK_NAME
   submission polling intervals = 
   description = 
   initial scripting = 
   pre-command scripting = 
   post-command scripting = 
   inherit = 
   [[[event hooks]]]
      submission timeout handler = 
      submitted handler = 
      started handler = 
      execution timeout handler = 
      submission failed handler = 
      submission retry handler = 
      warning handler = 
      succeeded handler = 
      retry handler = 
      reset timer = False
      execution timeout = 
      failed handler = 
      submission timeout = 
   [[[environment]]]
   [[[directives]]]
   [[[environment filter]]]
      exclude = 
      include = 
   [[[dummy mode]]]
      disable pre-command scripting = True
      disable post-command scripting = True
      disable retries = True
      command scripting = echo Dummy command scripting; sleep $(cylc rnd 1 16)
      disable task event hooks = True
   [[[outputs]]]
   [[[simulation mode]]]
      run time range = 1, 16
      simulate failure = False
      disable retries = True
      disable task event hooks = True
   [[[suite state polling]]]
      interval = 
      host = 
      max-polls = 
      run-dir = 
      user = 
      verbose mode = 
   [[[remote]]]
      owner = 
      suite definition directory = 
      host = 
   [[[job submission]]]
      shell = /bin/bash
      command template = 
      method = background
      retry delays = 
[[ops_s1]]
   command scripting = echo "RUN: run-ops.sh"
   enable resurrection = False
   manual completion = False
   retry delays = 
   environment scripting = 
   execution polling intervals = 
   title = 
   extra log files = 
   work sub-directory = $CYLC_TASK_CYCLE_POINT/$CYLC_TASK_NAME
   submission polling intervals = 
   description = 
   initial scripting = 
   pre-command scripting = 
   post-command scripting = 
   inherit = OPS, SERIAL
   [[[event hooks]]]
      submission timeout handler = 
      submitted handler = 
      started handler = 
      execution timeout handler = 
      submission failed handler = 
      submission retry handler = 
      warning handler = 
      succeeded handler = 
      retry handler = 
      reset timer = False
      execution timeout = 
      failed handler = 
      submission timeout = 
   [[[environment]]]
   [[[directives]]]
      job_type = serial
   [[[environment filter]]]
      exclude = 
      include = 
   [[[dummy mode]]]
      disable pre-command scripting = True
      disable post-command scripting = True
      disable retries = True
      command scripting = echo Dummy command scripting; sleep $(cylc rnd 1 16)
      disable task event hooks = True
   [[[outputs]]]
   [[[simulation mode]]]
      run time range = 1, 16
      simulate failure = False
      disable retries = True
      disable task event hooks = True
   [[[suite state polling]]]
      interval = 
      host = 
      max-polls = 
      run-dir = 
      user = 
      verbose mode = 
   [[[remote]]]
      owner = 
      suite definition directory = 
      host = 
   [[[job submission]]]
      shell = /bin/bash
      command template = 
      method = background
      retry delays = 
[[ops_s2]]
   command scripting = echo "RUN: run-ops.sh"
   enable resurrection = False
   manual completion = False
   retry delays = 
   environment scripting = 
   execution polling intervals = 
   title = 
   extra log files = 
   work sub-directory = $CYLC_TASK_CYCLE_POINT/$CYLC_TASK_NAME
   submission polling intervals = 
   description = 
   initial scripting = 
   pre-command scripting = 
   post-command scripting = 
   inherit = OPS, SERIAL
   [[[event hooks]]]
      submission timeout handler = 
      submitted handler = 
      started handler = 
      execution timeout handler = 
      submission failed handler = 
      submission retry handler = 
      warning handler = 
      succeeded handler = 
      retry handler = 
      reset timer = False
      execution timeout = 
      failed handler = 
      submission timeout = 
   [[[environment]]]
   [[[directives]]]
      job_type = serial
   [[[environment filter]]]
      exclude = 
      include = 
   [[[dummy mode]]]
      disable pre-command scripting = True
      disable post-command scripting = True
      disable retries = True
      command scripting = echo Dummy command scripting; sleep $(cylc rnd 1 16)
      disable task event hooks = True
   [[[outputs]]]
   [[[simulation mode]]]
      run time range = 1, 16
      simulate failure = False
      disable retries = True
      disable task event hooks = True
   [[[suite state polling]]]
      interval = 
      host = 
      max-polls = 
      run-dir = 
      user = 
      verbose mode = 
   [[[remote]]]
      owner = 
      suite definition directory = 
      host = 
   [[[job submission]]]
      shell = /bin/bash
      command template = 
      method = background
      retry delays = 
[[ops_p1]]
   command scripting = echo "RUN: run-ops.sh"
   enable resurrection = False
   manual completion = False
   retry delays = 
   environment scripting = 
   execution polling intervals = 
   title = 
   extra log files = 
   work sub-directory = $CYLC_TASK_CYCLE_POINT/$CYLC_TASK_NAME
   submission polling intervals = 
   description = 
   initial scripting = 
   pre-command scripting = 
   post-command scripting = 
   inherit = OPS, PARALLEL
   [[[event hooks]]]
      submission timeout handler = 
      submitted handler = 
      started handler = 
      execution timeout handler = 
      submission failed handler = 
      submission retry handler = 
      warning handler = 
      succeeded handler = 
      retry handler = 
      reset timer = False
      execution timeout = 
      failed handler = 
      submission timeout = 
   [[[environment]]]
   [[[directives]]]
      job_type = parallel
   [[[environment filter]]]
      exclude = 
      include = 
   [[[dummy mode]]]
      disable pre-command scripting = True
      disable post-command scripting = True
      disable retries = True
      command scripting = echo Dummy command scripting; sleep $(cylc rnd 1 16)
      disable task event hooks = True
   [[[outputs]]]
   [[[simulation mode]]]
      run time range = 1, 16
      simulate failure = False
      disable retries = True
      disable task event hooks = True
   [[[suite state polling]]]
      interval = 
      host = 
      max-polls = 
      run-dir = 
      user = 
      verbose mode = 
   [[[remote]]]
      owner = 
      suite definition directory = 
      host = 
   [[[job submission]]]
      shell = /bin/bash
      command template = 
      method = background
      retry delays = 
[[ops_p2]]
   command scripting = echo "RUN: run-ops.sh"
   enable resurrection = False
   manual completion = False
   retry delays = 
   environment scripting = 
   execution polling intervals = 
   title = 
   extra log files = 
   work sub-directory = $CYLC_TASK_CYCLE_POINT/$CYLC_TASK_NAME
   submission polling intervals = 
   description = 
   initial scripting = 
   pre-command scripting = 
   post-command scripting = 
   inherit = OPS, PARALLEL
   [[[event hooks]]]
      submission timeout handler = 
      submitted handler = 
      started handler = 
      execution timeout handler = 
      submission failed handler = 
      submission retry handler = 
      warning handler = 
      succeeded handler = 
      retry handler = 
      reset timer = False
      execution timeout = 
      failed handler = 
      submission timeout = 
   [[[environment]]]
   [[[directives]]]
      job_type = parallel
   [[[environment filter]]]
      exclude = 
      include = 
   [[[dummy mode]]]
      disable pre-command scripting = True
      disable post-command scripting = True
      disable retries = True
      command scripting = echo Dummy command scripting; sleep $(cylc rnd 1 16)
      disable task event hooks = True
   [[[outputs]]]
   [[[simulation mode]]]
      run time range = 1, 16
      simulate failure = False
      disable retries = True
      disable task event hooks = True
   [[[suite state polling]]]
      interval = 
      host = 
      max-polls = 
      run-dir = 
      user = 
      verbose mode = 
   [[[remote]]]
      owner = 
      suite definition directory = 
      host = 
   [[[job submission]]]
      shell = /bin/bash
      command template = 
      method = background
      retry delays = 
[[var_p1]]
   command scripting = echo "RUN: run-var.sh"
   enable resurrection = False
   manual completion = False
   retry delays = 
   environment scripting = 
   execution polling intervals = 
   title = 
   extra log files = 
   work sub-directory = $CYLC_TASK_CYCLE_POINT/$CYLC_TASK_NAME
   submission polling intervals = 
   description = 
   initial scripting = 
   pre-command scripting = 
   post-command scripting = 
   inherit = VAR, PARALLEL
   [[[event hooks]]]
      submission timeout handler = 
      submitted handler = 
      started handler = 
      execution timeout handler = 
      submission failed handler = 
      submission retry handler = 
      warning handler = 
      succeeded handler = 
      retry handler = 
      reset timer = False
      execution timeout = 
      failed handler = 
      submission timeout = 
   [[[environment]]]
   [[[directives]]]
      job_type = parallel
   [[[environment filter]]]
      exclude = 
      include = 
   [[[dummy mode]]]
      disable pre-command scripting = True
      disable post-command scripting = True
      disable retries = True
      command scripting = echo Dummy command scripting; sleep $(cylc rnd 1 16)
      disable task event hooks = True
   [[[outputs]]]
   [[[simulation mode]]]
      run time range = 1, 16
      simulate failure = False
      disable retries = True
      disable task event hooks = True
   [[[suite state polling]]]
      interval = 
      host = 
      max-polls = 
      run-dir = 
      user = 
      verbose mode = 
   [[[remote]]]
      owner = 
      suite definition directory = 
      host = 
   [[[job submission]]]
      shell = /bin/bash
      command template = 
      method = background
      retry delays = 
[[VAR]]
   command scripting = echo "RUN: run-var.sh"
   enable resurrection = False
   manual completion = False
   retry delays = 
   environment scripting = 
   execution polling intervals = 
   title = 
   extra log files = 
   work sub-directory = $CYLC_TASK_CYCLE_POINT/$CYLC_TASK_NAME
   submission polling intervals = 
   description = 
   initial scripting = 
   pre-command scripting = 
   post-command scripting = 
   inherit = 
   [[[event hooks]]]
      submission timeout handler = 
      submitted handler = 
      started handler = 
      execution timeout handler = 
      submission failed handler = 
      submission retry handler = 
      warning handler = 
      succeeded handler = 
      retry handler = 
      reset timer = False
      execution timeout = 
      failed handler = 
      submission timeout = 
   [[[environment]]]
   [[[directives]]]
   [[[environment filter]]]
      exclude = 
      include = 
   [[[dummy mode]]]
      disable pre-command scripting = True
      disable post-command scripting = True
      disable retries = True
      command scripting = echo Dummy command scripting; sleep $(cylc rnd 1 16)
      disable task event hooks = True
   [[[outputs]]]
   [[[simulation mode]]]
      run time range = 1, 16
      simulate failure = False
      disable retries = True
      disable task event hooks = True
   [[[suite state polling]]]
      interval = 
      host = 
      max-polls = 
      run-dir = 
      user = 
      verbose mode = 
   [[[remote]]]
      owner = 
      suite definition directory = 
      host = 
   [[[job submission]]]
      shell = /bin/bash
      command template = 
      method = background
      retry delays = 
[[var_s1]]
   command scripting = echo "RUN: run-var.sh"
   enable resurrection = False
   manual completion = False
   retry delays = 
   environment scripting = 
   execution polling intervals = 
   title = 
   extra log files = 
   work sub-directory = $CYLC_TASK_CYCLE_POINT/$CYLC_TASK_NAME
   submission polling intervals = 
   description = 
   initial scripting = 
   pre-command scripting = 
   post-command scripting = 
   inherit = VAR, SERIAL
   [[[event hooks]]]
      submission timeout handler = 
      submitted handler = 
      started handler = 
      execution timeout handler = 
      submission failed handler = 
      submission retry handler = 
      warning handler = 
      succeeded handler = 
      retry handler = 
      reset timer = False
      execution timeout = 
      failed handler = 
      submission timeout = 
   [[[environment]]]
   [[[directives]]]
      job_type = serial
   [[[environment filter]]]
      exclude = 
      include = 
   [[[dummy mode]]]
      disable pre-command scripting = True
      disable post-command scripting = True
      disable retries = True
      command scripting = echo Dummy command scripting; sleep $(cylc rnd 1 16)
      disable task event hooks = True
   [[[outputs]]]
   [[[simulation mode]]]
      run time range = 1, 16
      simulate failure = False
      disable retries = True
      disable task event hooks = True
   [[[suite state polling]]]
      interval = 
      host = 
      max-polls = 
      run-dir = 
      user = 
      verbose mode = 
   [[[remote]]]
      owner = 
      suite definition directory = 
      host = 
   [[[job submission]]]
      shell = /bin/bash
      command template = 
      method = background
      retry delays = 
[[SERIAL]]
   command scripting = echo Default command scripting; sleep $(cylc rnd 1 16)
   enable resurrection = False
   manual completion = False
   retry delays = 
   environment scripting = 
   execution polling intervals = 
   title = 
   extra log files = 
   work sub-directory = $CYLC_TASK_CYCLE_POINT/$CYLC_TASK_NAME
   submission polling intervals = 
   description = 
   initial scripting = 
   pre-command scripting = 
   post-command scripting = 
   inherit = 
   [[[event hooks]]]
      submission timeout handler = 
      submitted handler = 
      started handler = 
      execution timeout handler = 
      submission failed handler = 
      submission retry handler = 
      warning handler = 
      succeeded handler = 
      retry handler = 
      reset timer = False
      execution timeout = 
      failed handler = 
      submission timeout = 
   [[[environment]]]
   [[[directives]]]
      job_type = serial
   [[[environment filter]]]
      exclude = 
      include = 
   [[[dummy mode]]]
      disable pre-command scripting = True
      disable post-command scripting = True
      disable retries = True
      command scripting = echo Dummy command scripting; sleep $(cylc rnd 1 16)
      disable task event hooks = True
   [[[outputs]]]
   [[[simulation mode]]]
      run time range = 1, 16
      simulate failure = False
      disable retries = True
      disable task event hooks = True
   [[[suite state polling]]]
      interval = 
      host = 
      max-polls = 
      run-dir = 
      user = 
      verbose mode = 
   [[[remote]]]
      owner = 
      suite definition directory = 
      host = 
   [[[job submission]]]
      shell = /bin/bash
      command template = 
      method = background
      retry delays = 
[[root]]
   command scripting = echo Default command scripting; sleep $(cylc rnd 1 16)
   enable resurrection = False
   manual completion = False
   retry delays = 
   environment scripting = 
   execution polling intervals = 
   title = 
   extra log files = 
   work sub-directory = $CYLC_TASK_CYCLE_POINT/$CYLC_TASK_NAME
   submission polling intervals = 
   description = 
   initial scripting = 
   pre-command scripting = 
   post-command scripting = 
   inherit = 
   [[[event hooks]]]
      submission timeout handler = 
      submitted handler = 
      started handler = 
      execution timeout handler = 
      submission failed handler = 
      submission retry handler = 
      warning handler = 
      succeeded handler = 
      retry handler = 
      reset timer = False
      execution timeout = 
      failed handler = 
      submission timeout = 
   [[[environment]]]
   [[[directives]]]
   [[[environment filter]]]
      exclude = 
      include = 
   [[[dummy mode]]]
      disable pre-command scripting = True
      disable post-command scripting = True
      disable retries = True
      command scripting = echo Dummy command scripting; sleep $(cylc rnd 1 16)
      disable task event hooks = True
   [[[outputs]]]
   [[[simulation mode]]]
      run time range = 1, 16
      simulate failure = False
      disable retries = True
      disable task event hooks = True
   [[[suite state polling]]]
      interval = 
      host = 
      max-polls = 
      run-dir = 
      user = 
      verbose mode = 
   [[[remote]]]
      owner = 
      suite definition directory = 
      host = 
   [[[job submission]]]
      shell = /bin/bash
      command template = 
      method = background
      retry delays = 
[[PARALLEL]]
   command scripting = echo Default command scripting; sleep $(cylc rnd 1 16)
   enable resurrection = False
   manual completion = False
   retry delays = 
   environment scripting = 
   execution polling intervals = 
   title = 
   extra log files = 
   work sub-directory = $CYLC_TASK_CYCLE_POINT/$CYLC_TASK_NAME
   submission polling intervals = 
   description = 
   initial scripting = 
   pre-command scripting = 
   post-command scripting = 
   inherit = 
   [[[event hooks]]]
      submission timeout handler = 
      submitted handler = 
      started handler = 
      execution timeout handler = 
      submission failed handler = 
      submission retry handler = 
      warning handler = 
      succeeded handler = 
      retry handler = 
      reset timer = False
      execution timeout = 
      failed handler = 
      submission timeout = 
   [[[environment]]]
   [[[directives]]]
      job_type = parallel
   [[[environment filter]]]
      exclude = 
      include = 
   [[[dummy mode]]]
      disable pre-command scripting = True
      disable post-command scripting = True
      disable retries = True
      command scripting = echo Dummy command scripting; sleep $(cylc rnd 1 16)
      disable task event hooks = True
   [[[outputs]]]
   [[[simulation mode]]]
      run time range = 1, 16
      simulate failure = False
      disable retries = True
      disable task event hooks = True
   [[[suite state polling]]]
      interval = 
      host = 
      max-polls = 
      run-dir = 
      user = 
      verbose mode = 
   [[[remote]]]
      owner = 
      suite definition directory = 
      host = 
   [[[job submission]]]
      shell = /bin/bash
      command template = 
      method = background
      retry delays = 
[[var_s2]]
   command scripting = echo "RUN: run-var.sh"
   enable resurrection = False
   manual completion = False
   retry delays = 
   environment scripting = 
   execution polling intervals = 
   title = 
   extra log files = 
   work sub-directory = $CYLC_TASK_CYCLE_POINT/$CYLC_TASK_NAME
   submission polling intervals = 
   description = 
   initial scripting = 
   pre-command scripting = 
   post-command scripting = 
   inherit = VAR, SERIAL
   [[[event hooks]]]
      submission timeout handler = 
      submitted handler = 
      started handler = 
      execution timeout handler = 
      submission failed handler = 
      submission retry handler = 
      warning handler = 
      succeeded handler = 
      retry handler = 
      reset timer = False
      execution timeout = 
      failed handler = 
      submission timeout = 
   [[[environment]]]
   [[[directives]]]
      job_type = serial
   [[[environment filter]]]
      exclude = 
      include = 
   [[[dummy mode]]]
      disable pre-command scripting = True
      disable post-command scripting = True
      disable retries = True
      command scripting = echo Dummy command scripting; sleep $(cylc rnd 1 16)
      disable task event hooks = True
   [[[outputs]]]
   [[[simulation mode]]]
      run time range = 1, 16
      simulate failure = False
      disable retries = True
      disable task event hooks = True
   [[[suite state polling]]]
      interval = 
      host = 
      max-polls = 
      run-dir = 
      user = 
      verbose mode = 
   [[[remote]]]
      owner = 
      suite definition directory = 
      host = 
   [[[job submission]]]
      shell = /bin/bash
      command template = 
      method = background
      retry delays = 
